{
  "version": "1.5.0",
  "plugins_used": [
    {
      "name": "ArtifactoryDetector"
    },
    {
      "name": "AWSKeyDetector"
    },
    {
      "name": "AzureStorageKeyDetector"
    },
    {
      "name": "Base64HighEntropyString",
      "limit": 4.5
    },
    {
      "name": "BasicAuthDetector"
    },
    {
      "name": "CloudantDetector"
    },
    {
      "name": "DiscordBotTokenDetector"
    },
    {
      "name": "GitHubTokenDetector"
    },
    {
      "name": "GitLabTokenDetector"
    },
    {
      "name": "HexHighEntropyString",
      "limit": 3.0
    },
    {
      "name": "IbmCloudIamDetector"
    },
    {
      "name": "IbmCosHmacDetector"
    },
    {
      "name": "IPPublicDetector"
    },
    {
      "name": "JwtTokenDetector"
    },
    {
      "name": "KeywordDetector",
      "keyword_exclude": ""
    },
    {
      "name": "MailchimpDetector"
    },
    {
      "name": "NpmDetector"
    },
    {
      "name": "OpenAIDetector"
    },
    {
      "name": "PrivateKeyDetector"
    },
    {
      "name": "PypiTokenDetector"
    },
    {
      "name": "SendGridDetector"
    },
    {
      "name": "SlackDetector"
    },
    {
      "name": "SoftlayerDetector"
    },
    {
      "name": "SquareOAuthDetector"
    },
    {
      "name": "StripeDetector"
    },
    {
      "name": "TelegramBotTokenDetector"
    },
    {
      "name": "TwilioKeyDetector"
    }
  ],
  "filters_used": [
    {
      "path": "detect_secrets.filters.allowlist.is_line_allowlisted"
    },
    {
      "path": "detect_secrets.filters.common.is_baseline_file",
      "filename": ".secrets.baseline"
    },
    {
      "path": "detect_secrets.filters.common.is_ignored_due_to_verification_policies",
      "min_level": 2
    },
    {
      "path": "detect_secrets.filters.heuristic.is_indirect_reference"
    },
    {
      "path": "detect_secrets.filters.heuristic.is_likely_id_string"
    },
    {
      "path": "detect_secrets.filters.heuristic.is_lock_file"
    },
    {
      "path": "detect_secrets.filters.heuristic.is_not_alphanumeric_string"
    },
    {
      "path": "detect_secrets.filters.heuristic.is_potential_uuid"
    },
    {
      "path": "detect_secrets.filters.heuristic.is_prefixed_with_dollar_sign"
    },
    {
      "path": "detect_secrets.filters.heuristic.is_sequential_string"
    },
    {
      "path": "detect_secrets.filters.heuristic.is_swagger_file"
    },
    {
      "path": "detect_secrets.filters.heuristic.is_templated_secret"
    }
  ],
  "results": {
    "kedro-datasets/kedro_datasets/dask/parquet_dataset.py": [
      {
        "type": "Secret Keyword",
        "filename": "kedro-datasets/kedro_datasets/dask/parquet_dataset.py",
        "hashed_secret": "6e1d66a1596528c308e601c10aa0b92d53606ab9",
        "is_verified": false,
        "line_number": 72
      }
    ],
    "kedro-datasets/kedro_datasets/pandas/sql_dataset.py": [
      {
        "type": "Basic Auth Credentials",
        "filename": "kedro-datasets/kedro_datasets/pandas/sql_dataset.py",
        "hashed_secret": "46e3d772a1888eadff26c7ada47fd7502d796e07",
        "is_verified": false,
        "line_number": 130
      },
      {
        "type": "Secret Keyword",
        "filename": "kedro-datasets/kedro_datasets/pandas/sql_dataset.py",
        "hashed_secret": "e026e197bb77b12d16ab6986e068751f016d0ea5",
        "is_verified": false,
        "line_number": 382
      }
    ],
    "kedro-datasets/kedro_datasets/snowflake/snowpark_dataset.py": [
      {
        "type": "Secret Keyword",
        "filename": "kedro-datasets/kedro_datasets/snowflake/snowpark_dataset.py",
        "hashed_secret": "a761ce3a45d97e41840a788495e85a70d1bb3815",
        "is_verified": false,
        "line_number": 83
      }
    ],
    "kedro-datasets/kedro_datasets/spark/spark_jdbc_dataset.py": [
      {
        "type": "Secret Keyword",
        "filename": "kedro-datasets/kedro_datasets/spark/spark_jdbc_dataset.py",
        "hashed_secret": "46e3d772a1888eadff26c7ada47fd7502d796e07",
        "is_verified": false,
        "line_number": 57
      }
    ],
    "kedro-datasets/kedro_datasets_experimental/langchain/_anthropic.py": [
      {
        "type": "Secret Keyword",
        "filename": "kedro-datasets/kedro_datasets_experimental/langchain/_anthropic.py",
        "hashed_secret": "b60d121b438a380c343d5ec3c2037564b82ffef3",
        "is_verified": false,
        "line_number": 44
      }
    ],
    "kedro-datasets/kedro_datasets_experimental/langchain/_cohere.py": [
      {
        "type": "Secret Keyword",
        "filename": "kedro-datasets/kedro_datasets_experimental/langchain/_cohere.py",
        "hashed_secret": "b60d121b438a380c343d5ec3c2037564b82ffef3",
        "is_verified": false,
        "line_number": 45
      }
    ],
    "kedro-datasets/kedro_datasets_experimental/tests/netcdf/test_netcdf_dataset.py": [
      {
        "type": "Secret Keyword",
        "filename": "kedro-datasets/kedro_datasets_experimental/tests/netcdf/test_netcdf_dataset.py",
        "hashed_secret": "adb5fabe51f5b45e83fdd91b71c92156fec4a63e",
        "is_verified": false,
        "line_number": 17
      }
    ],
    "kedro-datasets/kedro_datasets_experimental/tests/video/test_video_dataset.py": [
      {
        "type": "Secret Keyword",
        "filename": "kedro-datasets/kedro_datasets_experimental/tests/video/test_video_dataset.py",
        "hashed_secret": "adb5fabe51f5b45e83fdd91b71c92156fec4a63e",
        "is_verified": false,
        "line_number": 16
      }
    ],
    "kedro-datasets/tests/dask/test_csv_dataset.py": [
      {
        "type": "Secret Keyword",
        "filename": "kedro-datasets/tests/dask/test_csv_dataset.py",
        "hashed_secret": "adb5fabe51f5b45e83fdd91b71c92156fec4a63e",
        "is_verified": false,
        "line_number": 14
      },
      {
        "type": "Secret Keyword",
        "filename": "kedro-datasets/tests/dask/test_csv_dataset.py",
        "hashed_secret": "727d8ff68b6b550f2cf6e737b3cad5149c65fe5b",
        "is_verified": false,
        "line_number": 27
      }
    ],
    "kedro-datasets/tests/dask/test_parquet_dataset.py": [
      {
        "type": "Secret Keyword",
        "filename": "kedro-datasets/tests/dask/test_parquet_dataset.py",
        "hashed_secret": "adb5fabe51f5b45e83fdd91b71c92156fec4a63e",
        "is_verified": false,
        "line_number": 16
      },
      {
        "type": "Secret Keyword",
        "filename": "kedro-datasets/tests/dask/test_parquet_dataset.py",
        "hashed_secret": "727d8ff68b6b550f2cf6e737b3cad5149c65fe5b",
        "is_verified": false,
        "line_number": 29
      }
    ],
    "kedro-datasets/tests/holoviews/test_holoviews_writer.py": [
      {
        "type": "Secret Keyword",
        "filename": "kedro-datasets/tests/holoviews/test_holoviews_writer.py",
        "hashed_secret": "a94a8fe5ccb19ba61c4c0873d391e987982fbbd3",
        "is_verified": false,
        "line_number": 108
      }
    ],
    "kedro-datasets/tests/matplotlib/test_matplotlib_writer.py": [
      {
        "type": "Secret Keyword",
        "filename": "kedro-datasets/tests/matplotlib/test_matplotlib_writer.py",
        "hashed_secret": "dc724af18fbdd4e59189f5fe768a5f8311527050",
        "is_verified": false,
        "line_number": 16
      },
      {
        "type": "Secret Keyword",
        "filename": "kedro-datasets/tests/matplotlib/test_matplotlib_writer.py",
        "hashed_secret": "727d8ff68b6b550f2cf6e737b3cad5149c65fe5b",
        "is_verified": false,
        "line_number": 59
      }
    ],
    "kedro-datasets/tests/pandas/test_csv_dataset.py": [
      {
        "type": "Secret Keyword",
        "filename": "kedro-datasets/tests/pandas/test_csv_dataset.py",
        "hashed_secret": "727d8ff68b6b550f2cf6e737b3cad5149c65fe5b",
        "is_verified": false,
        "line_number": 66
      },
      {
        "type": "Secret Keyword",
        "filename": "kedro-datasets/tests/pandas/test_csv_dataset.py",
        "hashed_secret": "a94a8fe5ccb19ba61c4c0873d391e987982fbbd3",
        "is_verified": false,
        "line_number": 213
      },
      {
        "type": "Secret Keyword",
        "filename": "kedro-datasets/tests/pandas/test_csv_dataset.py",
        "hashed_secret": "adb5fabe51f5b45e83fdd91b71c92156fec4a63e",
        "is_verified": false,
        "line_number": 405
      }
    ],
    "kedro-datasets/tests/pandas/test_generic_dataset.py": [
      {
        "type": "Secret Keyword",
        "filename": "kedro-datasets/tests/pandas/test_generic_dataset.py",
        "hashed_secret": "a94a8fe5ccb19ba61c4c0873d391e987982fbbd3",
        "is_verified": false,
        "line_number": 126
      }
    ],
    "kedro-datasets/tests/pandas/test_json_dataset.py": [
      {
        "type": "Secret Keyword",
        "filename": "kedro-datasets/tests/pandas/test_json_dataset.py",
        "hashed_secret": "a94a8fe5ccb19ba61c4c0873d391e987982fbbd3",
        "is_verified": false,
        "line_number": 140
      }
    ],
    "kedro-datasets/tests/pandas/test_sql_dataset.py": [
      {
        "type": "Basic Auth Credentials",
        "filename": "kedro-datasets/tests/pandas/test_sql_dataset.py",
        "hashed_secret": "46e3d772a1888eadff26c7ada47fd7502d796e07",
        "is_verified": false,
        "line_number": 19
      }
    ],
    "kedro-datasets/tests/pandas/test_xml_dataset.py": [
      {
        "type": "Secret Keyword",
        "filename": "kedro-datasets/tests/pandas/test_xml_dataset.py",
        "hashed_secret": "a94a8fe5ccb19ba61c4c0873d391e987982fbbd3",
        "is_verified": false,
        "line_number": 117
      }
    ],
    "kedro-datasets/tests/partitions/test_incremental_dataset.py": [
      {
        "type": "Secret Keyword",
        "filename": "kedro-datasets/tests/partitions/test_incremental_dataset.py",
        "hashed_secret": "727d8ff68b6b550f2cf6e737b3cad5149c65fe5b",
        "is_verified": false,
        "line_number": 440
      },
      {
        "type": "Secret Keyword",
        "filename": "kedro-datasets/tests/partitions/test_incremental_dataset.py",
        "hashed_secret": "adb5fabe51f5b45e83fdd91b71c92156fec4a63e",
        "is_verified": false,
        "line_number": 460
      }
    ],
    "kedro-datasets/tests/partitions/test_partitioned_dataset.py": [
      {
        "type": "Secret Keyword",
        "filename": "kedro-datasets/tests/partitions/test_partitioned_dataset.py",
        "hashed_secret": "76f747de912e8682e29a23cb506dd5bf0de080d2",
        "is_verified": false,
        "line_number": 441
      },
      {
        "type": "Secret Keyword",
        "filename": "kedro-datasets/tests/partitions/test_partitioned_dataset.py",
        "hashed_secret": "9027cc5a2c1321de60a2d71ccde6229d1152d6d3",
        "is_verified": false,
        "line_number": 442
      },
      {
        "type": "Secret Keyword",
        "filename": "kedro-datasets/tests/partitions/test_partitioned_dataset.py",
        "hashed_secret": "5dcbdf371f181b9b7a41a4be7be70f8cbee67da7",
        "is_verified": false,
        "line_number": 478
      },
      {
        "type": "Secret Keyword",
        "filename": "kedro-datasets/tests/partitions/test_partitioned_dataset.py",
        "hashed_secret": "727d8ff68b6b550f2cf6e737b3cad5149c65fe5b",
        "is_verified": false,
        "line_number": 529
      },
      {
        "type": "Secret Keyword",
        "filename": "kedro-datasets/tests/partitions/test_partitioned_dataset.py",
        "hashed_secret": "adb5fabe51f5b45e83fdd91b71c92156fec4a63e",
        "is_verified": false,
        "line_number": 549
      }
    ],
    "kedro-datasets/tests/plotly/test_html_dataset.py": [
      {
        "type": "Secret Keyword",
        "filename": "kedro-datasets/tests/plotly/test_html_dataset.py",
        "hashed_secret": "a94a8fe5ccb19ba61c4c0873d391e987982fbbd3",
        "is_verified": false,
        "line_number": 70
      }
    ],
    "kedro-datasets/tests/plotly/test_json_dataset.py": [
      {
        "type": "Secret Keyword",
        "filename": "kedro-datasets/tests/plotly/test_json_dataset.py",
        "hashed_secret": "a94a8fe5ccb19ba61c4c0873d391e987982fbbd3",
        "is_verified": false,
        "line_number": 83
      }
    ],
    "kedro-datasets/tests/plotly/test_plotly_dataset.py": [
      {
        "type": "Secret Keyword",
        "filename": "kedro-datasets/tests/plotly/test_plotly_dataset.py",
        "hashed_secret": "a94a8fe5ccb19ba61c4c0873d391e987982fbbd3",
        "is_verified": false,
        "line_number": 81
      }
    ],
    "kedro-datasets/tests/polars/test_csv_dataset.py": [
      {
        "type": "Secret Keyword",
        "filename": "kedro-datasets/tests/polars/test_csv_dataset.py",
        "hashed_secret": "727d8ff68b6b550f2cf6e737b3cad5149c65fe5b",
        "is_verified": false,
        "line_number": 65
      },
      {
        "type": "Secret Keyword",
        "filename": "kedro-datasets/tests/polars/test_csv_dataset.py",
        "hashed_secret": "a94a8fe5ccb19ba61c4c0873d391e987982fbbd3",
        "is_verified": false,
        "line_number": 159
      },
      {
        "type": "Secret Keyword",
        "filename": "kedro-datasets/tests/polars/test_csv_dataset.py",
        "hashed_secret": "adb5fabe51f5b45e83fdd91b71c92156fec4a63e",
        "is_verified": false,
        "line_number": 351
      }
    ],
    "kedro-datasets/tests/polars/test_eager_polars_dataset.py": [
      {
        "type": "Secret Keyword",
        "filename": "kedro-datasets/tests/polars/test_eager_polars_dataset.py",
        "hashed_secret": "a94a8fe5ccb19ba61c4c0873d391e987982fbbd3",
        "is_verified": false,
        "line_number": 126
      }
    ],
    "kedro-datasets/tests/polars/test_lazy_polars_dataset.py": [
      {
        "type": "Secret Keyword",
        "filename": "kedro-datasets/tests/polars/test_lazy_polars_dataset.py",
        "hashed_secret": "727d8ff68b6b550f2cf6e737b3cad5149c65fe5b",
        "is_verified": false,
        "line_number": 93
      },
      {
        "type": "Secret Keyword",
        "filename": "kedro-datasets/tests/polars/test_lazy_polars_dataset.py",
        "hashed_secret": "a94a8fe5ccb19ba61c4c0873d391e987982fbbd3",
        "is_verified": false,
        "line_number": 198
      }
    ],
    "kedro-datasets/tests/snowflake/test_snowpark_dataset.py": [
      {
        "type": "Secret Keyword",
        "filename": "kedro-datasets/tests/snowflake/test_snowpark_dataset.py",
        "hashed_secret": "1365dbfe676a193420ed7981184720b426ef2b7a",
        "is_verified": false,
        "line_number": 32
      }
    ],
    "kedro-datasets/tests/spark/test_spark_dataset.py": [
      {
        "type": "Secret Keyword",
        "filename": "kedro-datasets/tests/spark/test_spark_dataset.py",
        "hashed_secret": "adb5fabe51f5b45e83fdd91b71c92156fec4a63e",
        "is_verified": false,
        "line_number": 42
      }
    ],
    "kedro-datasets/tests/spark/test_spark_jdbc_dataset.py": [
      {
        "type": "Secret Keyword",
        "filename": "kedro-datasets/tests/spark/test_spark_jdbc_dataset.py",
        "hashed_secret": "4f4fa638cf19a2919f12e0105085c123ca5c5172",
        "is_verified": false,
        "line_number": 15
      }
    ],
    "kedro-datasets/tests/spark/test_spark_streaming_dataset.py": [
      {
        "type": "Secret Keyword",
        "filename": "kedro-datasets/tests/spark/test_spark_streaming_dataset.py",
        "hashed_secret": "adb5fabe51f5b45e83fdd91b71c92156fec4a63e",
        "is_verified": false,
        "line_number": 17
      },
      {
        "type": "Secret Keyword",
        "filename": "kedro-datasets/tests/spark/test_spark_streaming_dataset.py",
        "hashed_secret": "727d8ff68b6b550f2cf6e737b3cad5149c65fe5b",
        "is_verified": false,
        "line_number": 64
      }
    ]
  },
  "generated_at": "2025-04-08T11:00:48Z"
}
